javax\measure\UnitConverter.class
javax\measure\quantity\ElectricCurrent.class
javax\measure\quantity\ElectricPotential.class
javax\measure\spi\SystemOfUnits.class
javax\measure\quantity\Temperature.class
javax\measure\spi\Prefix.class
javax\measure\quantity\Volume.class
javax\measure\UnconvertibleException.class
javax\measure\quantity\MagneticFluxDensity.class
javax\measure\quantity\MagneticFlux.class
javax\measure\quantity\ElectricConductance.class
javax\measure\IncommensurableException.class
javax\measure\spi\ServiceProvider$1.class
javax\measure\quantity\ElectricCharge.class
javax\measure\Quantity.class
javax\measure\format\UnitFormat.class
javax\measure\quantity\Illuminance.class
javax\measure\Dimension.class
javax\measure\spi\QuantityFactory.class
javax\measure\quantity\RadiationDoseAbsorbed.class
javax\measure\quantity\SolidAngle.class
javax\measure\quantity\Radioactivity.class
javax\measure\format\QuantityFormat.class
javax\measure\MeasurementException.class
javax\measure\quantity\AmountOfSubstance.class
javax\measure\quantity\Area.class
javax\measure\quantity\ElectricCapacitance.class
javax\measure\quantity\Power.class
javax\measure\quantity\Frequency.class
javax\measure\quantity\Mass.class
javax\measure\quantity\RadiationDoseEffective.class
javax\measure\quantity\Dimensionless.class
javax\measure\Unit.class
javax\measure\quantity\ElectricInductance.class
javax\measure\quantity\LuminousFlux.class
javax\measure\spi\SystemOfUnitsService.class
javax\measure\quantity\Speed.class
javax\measure\quantity\Pressure.class
javax\measure\quantity\Time.class
javax\measure\spi\UnitFormatService.class
javax\measure\format\ParserException.class
javax\measure\quantity\ElectricResistance.class
javax\measure\quantity\Force.class
javax\measure\quantity\Angle.class
javax\measure\spi\ServiceProvider.class
javax\measure\quantity\Energy.class
javax\measure\quantity\LuminousIntensity.class
javax\measure\quantity\CatalyticActivity.class
javax\measure\quantity\Acceleration.class
javax\measure\quantity\Length.class
