C:\Users\werner\git\unit-api\src\main\java\javax\measure\format\ParserException.java
C:\Users\werner\git\unit-api\src\main\java\javax\measure\spi\UnitFormatService.java
C:\Users\werner\git\unit-api\src\main\java\javax\measure\quantity\Volume.java
C:\Users\werner\git\unit-api\src\main\java\javax\measure\MeasurementException.java
C:\Users\werner\git\unit-api\src\main\java\javax\measure\quantity\package-info.java
C:\Users\werner\git\unit-api\src\main\java\javax\measure\Quantity.java
C:\Users\werner\git\unit-api\src\main\java\javax\measure\quantity\Acceleration.java
C:\Users\werner\git\unit-api\src\main\java\javax\measure\quantity\AmountOfSubstance.java
C:\Users\werner\git\unit-api\src\main\java\javax\measure\quantity\SolidAngle.java
C:\Users\werner\git\unit-api\src\main\java\javax\measure\spi\Prefix.java
C:\Users\werner\git\unit-api\src\main\java\javax\measure\quantity\Dimensionless.java
C:\Users\werner\git\unit-api\src\main\java\javax\measure\quantity\MagneticFluxDensity.java
C:\Users\werner\git\unit-api\src\main\java\javax\measure\quantity\Energy.java
C:\Users\werner\git\unit-api\src\main\java\javax\measure\quantity\ElectricInductance.java
C:\Users\werner\git\unit-api\src\main\java\javax\measure\quantity\ElectricConductance.java
C:\Users\werner\git\unit-api\src\main\java\javax\measure\quantity\Length.java
C:\Users\werner\git\unit-api\src\main\java\javax\measure\quantity\Frequency.java
C:\Users\werner\git\unit-api\src\main\java\javax\measure\quantity\Pressure.java
C:\Users\werner\git\unit-api\src\main\java\javax\measure\UnitConverter.java
C:\Users\werner\git\unit-api\src\main\java\javax\measure\quantity\ElectricResistance.java
C:\Users\werner\git\unit-api\src\main\java\javax\measure\quantity\ElectricCapacitance.java
C:\Users\werner\git\unit-api\src\main\java\javax\measure\quantity\Mass.java
C:\Users\werner\git\unit-api\src\main\java\javax\measure\package-info.java
C:\Users\werner\git\unit-api\src\main\java\javax\measure\quantity\Force.java
C:\Users\werner\git\unit-api\src\main\java\javax\measure\quantity\LuminousFlux.java
C:\Users\werner\git\unit-api\src\main\java\javax\measure\quantity\MagneticFlux.java
C:\Users\werner\git\unit-api\src\main\java\javax\measure\UnconvertibleException.java
C:\Users\werner\git\unit-api\src\main\java\javax\measure\quantity\Area.java
C:\Users\werner\git\unit-api\src\main\java\javax\measure\quantity\LuminousIntensity.java
C:\Users\werner\git\unit-api\src\main\java\javax\measure\Unit.java
C:\Users\werner\git\unit-api\src\main\java\javax\measure\quantity\Power.java
C:\Users\werner\git\unit-api\src\main\java\javax\measure\quantity\Time.java
C:\Users\werner\git\unit-api\src\main\java\javax\measure\spi\package-info.java
C:\Users\werner\git\unit-api\src\main\java\javax\measure\quantity\ElectricCurrent.java
C:\Users\werner\git\unit-api\src\main\java\javax\measure\quantity\Angle.java
C:\Users\werner\git\unit-api\src\main\java\javax\measure\quantity\RadiationDoseEffective.java
C:\Users\werner\git\unit-api\src\main\java\javax\measure\quantity\Speed.java
C:\Users\werner\git\unit-api\src\main\java\javax\measure\quantity\CatalyticActivity.java
C:\Users\werner\git\unit-api\src\main\java\javax\measure\quantity\ElectricPotential.java
C:\Users\werner\git\unit-api\src\main\java\javax\measure\format\UnitFormat.java
C:\Users\werner\git\unit-api\src\main\java\javax\measure\quantity\RadiationDoseAbsorbed.java
C:\Users\werner\git\unit-api\src\main\java\javax\measure\quantity\Temperature.java
C:\Users\werner\git\unit-api\src\main\java\javax\measure\format\QuantityFormat.java
C:\Users\werner\git\unit-api\src\main\java\javax\measure\spi\QuantityFactory.java
C:\Users\werner\git\unit-api\src\main\java\javax\measure\spi\SystemOfUnitsService.java
C:\Users\werner\git\unit-api\src\main\java\javax\measure\quantity\Illuminance.java
C:\Users\werner\git\unit-api\src\main\java\javax\measure\spi\ServiceProvider.java
C:\Users\werner\git\unit-api\src\main\java\javax\measure\IncommensurableException.java
C:\Users\werner\git\unit-api\src\main\java\javax\measure\quantity\Radioactivity.java
C:\Users\werner\git\unit-api\src\main\java\javax\measure\quantity\ElectricCharge.java
C:\Users\werner\git\unit-api\src\main\java\javax\measure\Dimension.java
C:\Users\werner\git\unit-api\src\main\java\javax\measure\format\package-info.java
C:\Users\werner\git\unit-api\src\main\java\javax\measure\spi\SystemOfUnits.java
