javax\measure\test\quantity\TestQuantity.class
javax\measure\test\TestConverter.class
javax\measure\test\CircleInfo.class
javax\measure\test\unit\AreaUnit.class
javax\measure\spi\ServiceProviderTest.class
javax\measure\test\ExceptionsTest$TestException.class
javax\measure\test\unit\SpeedUnit.class
javax\measure\test\Conversions.class
javax\measure\test\unit\TimeUnit.class
javax\measure\test\format\DefaultTestQuantityFormat.class
javax\measure\test\TestUnit.class
javax\measure\test\quantity\VolumeQuantity.class
javax\measure\test\unit\BaseUnit.class
javax\measure\spi\ServiceProviderTest$TestServiceProvider.class
javax\measure\test\quantity\CircleInfo.class
javax\measure\test\format\TestUnitFormat.class
javax\measure\test\quantity\AreaQuantity.class
javax\measure\test\ExceptionsTest.class
javax\measure\test\TestDimension.class
javax\measure\test\quantity\DimensionlessQuantity.class
javax\measure\test\quantity\AreaQuantityTest.class
javax\measure\test\quantity\DistanceQuantity.class
javax\measure\test\format\TestQuantityFormat.class
javax\measure\test\TestConverter$Pair.class
javax\measure\test\DimensionTest.class
javax\measure\test\TripLeg.class
javax\measure\test\unit\VolumeUnit.class
javax\measure\test\TestConverter$Identity.class
javax\measure\test\TestConverter$1.class
javax\measure\test\format\QuantityFormatTest.class
javax\measure\test\format\UnitFormatTest.class
javax\measure\test\UnitTest.class
javax\measure\test\quantity\TestQuantities.class
javax\measure\spi\ServiceProviderTest$1.class
javax\measure\test\CalcTripLength.class
javax\measure\test\format\SimpleTestUnitFormat.class
javax\measure\test\format\PrintUtils.class
javax\measure\test\unit\DistanceUnit.class
javax\measure\test\EnumUnit.class
javax\measure\test\quantity\TimeQuantity.class
