C:\Users\werner\git\unit-api\src\test\java\javax\measure\test\Conversions.java
C:\Users\werner\git\unit-api\src\test\java\javax\measure\test\format\PrintUtils.java
C:\Users\werner\git\unit-api\src\test\java\javax\measure\test\format\DefaultTestQuantityFormat.java
C:\Users\werner\git\unit-api\src\test\java\javax\measure\test\format\TestQuantityFormat.java
C:\Users\werner\git\unit-api\src\test\java\javax\measure\test\quantity\TimeQuantity.java
C:\Users\werner\git\unit-api\src\test\java\javax\measure\test\format\QuantityFormatTest.java
C:\Users\werner\git\unit-api\src\test\java\javax\measure\test\DimensionTest.java
C:\Users\werner\git\unit-api\src\test\java\javax\measure\test\format\TestUnitFormat.java
C:\Users\werner\git\unit-api\src\test\java\javax\measure\test\quantity\AreaQuantityTest.java
C:\Users\werner\git\unit-api\src\test\java\javax\measure\test\quantity\DimensionlessQuantity.java
C:\Users\werner\git\unit-api\src\test\java\javax\measure\test\unit\TimeUnit.java
C:\Users\werner\git\unit-api\src\test\java\javax\measure\test\unit\BaseUnit.java
C:\Users\werner\git\unit-api\src\test\java\javax\measure\test\UnitTest.java
C:\Users\werner\git\unit-api\src\test\java\javax\measure\test\unit\VolumeUnit.java
C:\Users\werner\git\unit-api\src\test\java\javax\measure\test\quantity\AreaQuantity.java
C:\Users\werner\git\unit-api\src\test\java\javax\measure\spi\ServiceProviderTest.java
C:\Users\werner\git\unit-api\src\test\java\javax\measure\test\format\UnitFormatTest.java
C:\Users\werner\git\unit-api\src\test\java\javax\measure\test\quantity\TestQuantity.java
C:\Users\werner\git\unit-api\src\test\java\javax\measure\test\TestDimension.java
C:\Users\werner\git\unit-api\src\test\java\javax\measure\test\format\SimpleTestUnitFormat.java
C:\Users\werner\git\unit-api\src\test\java\javax\measure\test\unit\AreaUnit.java
C:\Users\werner\git\unit-api\src\test\java\javax\measure\test\TestConverter.java
C:\Users\werner\git\unit-api\src\test\java\javax\measure\test\CircleInfo.java
C:\Users\werner\git\unit-api\src\test\java\javax\measure\test\TripLeg.java
C:\Users\werner\git\unit-api\src\test\java\javax\measure\test\package-info.java
C:\Users\werner\git\unit-api\src\test\java\javax\measure\test\quantity\DistanceQuantity.java
C:\Users\werner\git\unit-api\src\test\java\javax\measure\test\unit\DistanceUnit.java
C:\Users\werner\git\unit-api\src\test\java\javax\measure\test\unit\SpeedUnit.java
C:\Users\werner\git\unit-api\src\test\java\javax\measure\test\quantity\CircleInfo.java
C:\Users\werner\git\unit-api\src\test\java\javax\measure\test\format\package-info.java
C:\Users\werner\git\unit-api\src\test\java\javax\measure\test\quantity\TestQuantities.java
C:\Users\werner\git\unit-api\src\test\java\javax\measure\test\TestUnit.java
C:\Users\werner\git\unit-api\src\test\java\javax\measure\test\CalcTripLength.java
C:\Users\werner\git\unit-api\src\test\java\javax\measure\test\ExceptionsTest.java
C:\Users\werner\git\unit-api\src\test\java\javax\measure\test\quantity\VolumeQuantity.java
C:\Users\werner\git\unit-api\src\test\java\javax\measure\test\EnumUnit.java
